<html>
<body>
<pre>
<h1>µVision Build Log</h1>
<h2>Project:</h2>
C:\Users\darto\Documents\Project\CS2208\lab2\lab2.uvproj
Project File Date:  02/28/2019

<h2>Output:</h2>
Build target 'Target 1'
linking...
Program Size: Code=60 RO-data=0 RW-data=0 ZI-data=0  
".\lab2.axf" - 0 Error(s), 0 Warning(s).
</pre>
</body>
</html>
definitions.s(19): warning: A1581W: Added 3 bytes of padding at address 0x35
linking...
Program Size: Code=60 RO-data=0 RW-data=0 ZI-data=0  
".\lab2.axf" - 0 Error(s), 2 Warning(s).
