


ARM Macro Assembler    Page 1 


    1 00000000                 AREA             More_data_definitions, CODE, RE
ADONLY
    2 00000000                 ENTRY
    3 00000000 EAFFFFFE 
                       loop    B                loop
    4 00000004 00 00 00 
                       data_1  SPACE            3
    5 00000007 00 00 00 
                       data_2  SPACE            3
    6 0000000A 00 00           ALIGN
    7 0000000C 00 00 00 
                       data_3  SPACE            3
    8 0000000F 00 12345678     DCD              0x12345678
    9 00000014 0000F0F0        DCD              +2_1111000011110000
   10 00000018 FFFF0F10        DCD              -2_1111000011110000
   11 0000001C 00 FF           DCW              255
   12 0000001E FF 01           DCW              -255
   13 00000020         
   14 00000020 0A              DCB              &0A
   15 00000021 00 00 00        ALIGN
   16 00000024         
   17 00000024 00000001 
              00000002 
              00000003 
              00000004         DCD              1,2,3,4
   18 00000034 05              DCB              5
   19 00000035 00 00 00 
              00000006         DCD              6
   20 0000003C         
   21 0000003C         
   22 0000003C                 END
Command Line: --debug --xref --bi --apcs=interwork --depend=.\q1.d -o.\q1.o -IC
:\Keil\ARM\RV31\INC -IC:\Keil\ARM\CMSIS\Include --predefine="__EVAL SETA 1" --l
ist=.\q1.lst q1.s



ARM Macro Assembler    Page 1 Alphabetic symbol ordering
Relocatable symbols

More_data_definitions 00000000

Symbol: More_data_definitions
   Definitions
      At line 1 in file q1.s
   Uses
      None
Comment: More_data_definitions unused
data_1 00000004

Symbol: data_1
   Definitions
      At line 4 in file q1.s
   Uses
      None
Comment: data_1 unused
data_2 00000007

Symbol: data_2
   Definitions
      At line 5 in file q1.s
   Uses
      None
Comment: data_2 unused
data_3 0000000C

Symbol: data_3
   Definitions
      At line 7 in file q1.s
   Uses
      None
Comment: data_3 unused
loop 00000000

Symbol: loop
   Definitions
      At line 3 in file q1.s
   Uses
      At line 3 in file q1.s
Comment: loop used once
5 symbols
336 symbols in table
